MPLINK 4.40, Linker
Linker Map File - Created Tue Feb 13 18:32:48 2018

                                 Section Info
                  Section       Type    Address   Location Size(Bytes)
                ---------  ---------  ---------  ---------  ---------
                   .org_0       code   0x000000    program   0x000000
                   .org_1       code   0x000000    program   0x000012
.config_2007_ASSIGNMENT04.O       code   0x002007    program   0x000002
                   .org_2       code   0x002100    program   0x000008



                              Program Memory Usage 
                               Start         End      
                           ---------   ---------      
                            0x000000    0x000008      
                            0x002007    0x002007      
                            0x002100    0x002103      
            14 out of 4359 program addresses used, program memory utilization is 0%



                              Symbols - Sorted by Name
                     Name    Address   Location    Storage File                     
                ---------  ---------  ---------  --------- ---------                
                     main   0x000000    program     static E:\HW\Assignment 04\Assignment04.asm



                              Symbols - Sorted by Address
                     Name    Address   Location    Storage File                     
                ---------  ---------  ---------  --------- ---------                
                     main   0x000000    program     static E:\HW\Assignment 04\Assignment04.asm


